PERSONAL@DESKTOP-BUNLSVV MINGW64 ~/Desktop/ADSO/PROYECTOWEB2 (lcarvajalsa)
$ git branch
  developer
* lcarvajalsa
  master

PERSONAL@DESKTOP-BUNLSVV MINGW64 ~/Desktop/ADSO/PROYECTOWEB2 (lcarvajalsa)
$ git log
commit 92066e8e34c9ff8bc5fab36b4506a24cd550210a (HEAD -> lcarvajalsa, master, developer)
Author: lcarvajalsa <lcarvajalsa@gmail.com>
Date:   Thu Aug 11 19:01:15 2022 -0500

    se inicio proyecto web con git

PERSONAL@DESKTOP-BUNLSVV MINGW64 ~/Desktop/ADSO/PROYECTOWEB2 (lcarvajalsa)
$ git checkout master
Switched to branch 'master'
M       index.html

PERSONAL@DESKTOP-BUNLSVV MINGW64 ~/Desktop/ADSO/PROYECTOWEB2 (master)
$ git checkout lcarvajalsa
Switched to branch 'lcarvajalsa'
M       index.html

PERSONAL@DESKTOP-BUNLSVV MINGW64 ~/Desktop/ADSO/PROYECTOWEB2 (lcarvajalsa)
$ git status
On branch lcarvajalsa
Changes not staged for commit:
  (use "git add <file>..." to update what will be committed)
  (use "git restore <file>..." to discard changes in working directory)
        modified:   index.html

Untracked files:
  (use "git add <file>..." to include in what will be committed)
        PROYECTOWEB2.txt

no changes added to commit (use "git add" and/or "git commit -a")

PERSONAL@DESKTOP-BUNLSVV MINGW64 ~/Desktop/ADSO/PROYECTOWEB2 (lcarvajalsa)
$ git add
Nothing specified, nothing added.
hint: Maybe you wanted to say 'git add .'?
hint: Turn this message off by running
hint: "git config advice.addEmptyPathspec false"

PERSONAL@DESKTOP-BUNLSVV MINGW64 ~/Desktop/ADSO/PROYECTOWEB2 (lcarvajalsa)
$ git add .

PERSONAL@DESKTOP-BUNLSVV MINGW64 ~/Desktop/ADSO/PROYECTOWEB2 (lcarvajalsa)
$ git commit -m "inicie trabajo en mi rama"
[lcarvajalsa b8c5cb0] inicie trabajo en mi rama
 2 files changed, 39 insertions(+), 2 deletions(-)
 create mode 100644 PROYECTOWEB2.txt

PERSONAL@DESKTOP-BUNLSVV MINGW64 ~/Desktop/ADSO/PROYECTOWEB2 (lcarvajalsa)
$ git checkout master
Switched to branch 'master'

PERSONAL@DESKTOP-BUNLSVV MINGW64 ~/Desktop/ADSO/PROYECTOWEB2 (master)
$ git 